[form.jotform.com/251894656314162.html]
[www.jotform.com/oembed/index47ad.html]
[www.jotform.com/oembed/indexf8fe.html]
[files.jotform.com/jufs/oysterhr520/form_files/WhatsApp Image 2025-07-09 at 14.38.43_07751f9b.686e913a727d50.798794663295.jpg]
[cdn.jotfor.ms/assets/img/favicons/favicon-2021-light@2x.png]
[cdn.jotfor.ms/favicon-2021-light@2x.png]
[cdn.jotfor.ms/favicon-2021-dark@2x.png]
[cdn.jotfor.ms/stylebuilder/static/form-common5ec7.css]
[cdn.jotfor.ms/themes/CSS/5e6b428acc8c4e222d1beb9156ed.css]
[cdn.jotfor.ms/css/styles/payment/payment_stylesfd21.css]
[cdn.jotfor.ms/css/styles/payment/payment_featurefd21.css]
[cdn.jotfor.ms/s/static/863c1a0829f/static/prototype.forms.js]
[cdn.jotfor.ms/s/static/863c1a0829f/static/jotform.forms.js]
[cdn.jotfor.ms/s/umd/8cf89b76935/for-form-branding-footer.js]
[cdn.jotfor.ms/s/static/863c1a0829f/js/vendor/smoothscroll.min.js]
[cdn.jotfor.ms/s/static/863c1a0829f/js/errorNavigation.js]
[form.jotform.com/251894656314162.html]
[cdn.jotfor.ms/stylebuilder/static/color-scheme135d.css]
[cdn.jotfor.ms/favicon-2021-light@2x.html]
[cdn.jotfor.ms/favicon-2021-dark@2x.html]
[cdn.jotfor.ms/stylebuilder/static/form-common5ec7.css]
[cdn.jotfor.ms/images/security-icon.png]
[cdn.jotfor.ms/images/credit-card-logo.png]
[cdn.jotfor.ms/themes/CSS/5e6b428acc8c4e222d1beb9156ed.css]
[cdn.jotfor.ms/images/credit-card-logo.png]
[cdn.jotfor.ms/assets/img/payments/image_zoom.svg]
[cdn.jotfor.ms/images/exclamation-octagon.png]
[cdn.jotfor.ms/assets/img/payments/stripeACH_plaid.svg]
[cdn.jotfor.ms/assets/img/payments/trash_btn.svg]
[cdn.jotfor.ms/assets/img/payments/sp_back_icon.svg]
[cdn.jotfor.ms/assets/img/payments/alert_blue.svg]
[cdn.jotfor.ms/assets/img/payments/close_white.svg]
[cdn.jotfor.ms/assets/img/payments/product_upload.svg]
[cdn.jotfor.ms/assets/img/payments/product_delete.png]
[cdn.jotfor.ms/assets/img/payments/product_settings.png]
[cdn.jotfor.ms/assets/img/payments/product_drag.png]
[cdn.jotfor.ms/css/styles/payment/payment_stylesfd21.css]
[cdn.jotfor.ms/assets/img/builder/search_icon.png]
[cdn.jotfor.ms/assets/img/payments/sort_icon.png]
[cdn.jotfor.ms/assets/img/payments/shopping_bag.svg]
[cdn.jotfor.ms/assets/img/payments/sort_icon.png]
[cdn.jotfor.ms/assets/img/payments/collapse_icon.svg]
[cdn.jotfor.ms/css/styles/payment/payment_featurefd21.css]
[cdn.jotfor.ms/stylebuilder/static/color-scheme135d.css]
[cdn.jotfor.ms/images/security-icon.png]
[cdn.jotfor.ms/assets/img/payments/image_zoom.svg]
[cdn.jotfor.ms/assets/img/payments/stripeACH_plaid.svg]
[cdn.jotfor.ms/assets/img/payments/trash_btn.svg]
[cdn.jotfor.ms/assets/img/payments/sp_back_icon.svg]
[cdn.jotfor.ms/assets/img/payments/alert_blue.svg]
[cdn.jotfor.ms/assets/img/payments/close_white.svg]
[cdn.jotfor.ms/assets/img/payments/product_upload.svg]
[cdn.jotfor.ms/assets/img/payments/shopping_bag.svg]
[cdn.jotfor.ms/assets/img/payments/collapse_icon.svg]
[cdn.jotfor.ms/assets/img/payments/expand_icon.svg]
[cdn.jotfor.ms/assets/img/payments/expand_icon.svg]
